// Jest Snapshot v1, https://goo.gl/fbAQLP

exports[`App component matches snapshot 1`] = `
<DocumentFragment>
  <div
    class="main"
  >
    <div
      class="container"
    >
      <div
        class="todo"
      >
        <div
          class="title"
        >
          Todo
        </div>
        <div>
          <input
            class="input"
            placeholder="New to do"
            type="text"
            value=""
          />
          <div />
        </div>
      </div>
    </div>
    <div
      class="container"
    >
      <div
        class="done"
      >
        <div
          class="title"
        >
          Done
        </div>
        <div />
      </div>
    </div>
  </div>
</DocumentFragment>
`;
